{
    "references": [],
    "definitions": {
        "MyNamespace": {
            "fqn": "MyNamespace",
            "extends": [],
            "isGlobal": true,
            "roamed": false,
            "isStatic": false,
            "canBeInstantiated": false,
            "symbolInformation": {
                "name": "MyNamespace",
                "kind": 3,
                "location": {
                    "uri": "./docBlocksOnNamespaceDefinition.php"
                },
                "containerName": ""
            },
            "type": null,
            "declarationLine": "namespace MyNamespace;",
            "documentation": null
        }
    }
}