{
    "references": {
        "A": [
            "./functionUse.php"
        ],
        "A->b()": [
            "./functionUse.php"
        ]
    },
    "definitions": []
}