{
    "references": {
        "a\\b": [
            "./namespaces4.php"
        ],
        "a": [
            "./namespaces4.php"
        ]
    },
    "definitions": []
}