{
    "references": {
        "A": [
            "./scopedPropertyAccess4.php"
        ]
    },
    "definitions": []
}