{
    "references": {
        "MyNamespace\\A": [
            "./_cases/caseStatement1.php"
        ],
        "A": [
            "./_cases/caseStatement1.php"
        ]
    },
    "definitions": {
        "MyNamespace": {
            "extends": [],
            "isGlobal": true,
            "isStatic": false,
            "canBeInstantiated": false,
            "symbolInformation": {
                "name": "MyNamespace",
                "kind": 3,
                "location": {
                    "uri": "./_cases/caseStatement1.php"
                },
                "containerName": ""
            },
            "type": null,
            "documentation": null
        }
    }
}