{
    "references": {
        "SomeNamespace\\Goo": [
            "./_cases/classProperty1.php"
        ],
        "SomeNamespace": [
            "./_cases/classProperty1.php"
        ]
    },
    "definitions": {
        "TestNamespace": {
            "extends": [],
            "isGlobal": true,
            "isStatic": false,
            "canBeInstantiated": false,
            "symbolInformation": {
                "name": "TestNamespace",
                "kind": 3,
                "location": {
                    "uri": "./_cases/classProperty1.php"
                },
                "containerName": ""
            },
            "type__class": "LanguageServer\\Tests\\ValidationTest",
            "type": null,
            "documentation": null
        },
        "TestNamespace\\TestClass": {
            "extends": [],
            "isGlobal": true,
            "isStatic": false,
            "canBeInstantiated": true,
            "symbolInformation": {
                "name": "TestClass",
                "kind": 5,
                "location": {
                    "uri": "./_cases/classProperty1.php"
                },
                "containerName": "TestNamespace"
            },
            "type__class": "LanguageServer\\Tests\\ValidationTest",
            "type": null,
            "documentation": null
        },
        "TestNamespace\\TestClass->testProperty": {
            "extends": [],
            "isGlobal": false,
            "isStatic": false,
            "canBeInstantiated": false,
            "symbolInformation": {
                "name": "testProperty",
                "kind": 7,
                "location": {
                    "uri": "./_cases/classProperty1.php"
                },
                "containerName": "TestNamespace\\TestClass"
            },
            "type__class": "phpDocumentor\\Reflection\\Types\\Mixed",
            "type": {},
            "documentation": null
        },
        "TestNamespace\\TestClass->testMethod()": {
            "extends": [],
            "isGlobal": false,
            "isStatic": false,
            "canBeInstantiated": false,
            "symbolInformation": {
                "name": "testMethod",
                "kind": 6,
                "location": {
                    "uri": "./_cases/classProperty1.php"
                },
                "containerName": "TestNamespace\\TestClass"
            },
            "type__class": "phpDocumentor\\Reflection\\Types\\Mixed",
            "type": {},
            "documentation": null
        }
    }
}