{
    "references": {
        "MyNamespace\\HI": [
            "./constants4.php"
        ],
        "HI": [
            "./constants4.php"
        ]
    },
    "definitions": {
        "MyNamespace": {
            "extends": [],
            "isGlobal": true,
            "isStatic": false,
            "canBeInstantiated": false,
            "symbolInformation": {
                "name": "MyNamespace",
                "kind": 3,
                "location": {
                    "uri": "./constants4.php"
                },
                "containerName": ""
            },
            "type": null,
            "documentation": null
        },
        "MyNamespace\\A": {
            "extends": [],
            "isGlobal": true,
            "isStatic": false,
            "canBeInstantiated": true,
            "symbolInformation": {
                "name": "A",
                "kind": 5,
                "location": {
                    "uri": "./constants4.php"
                },
                "containerName": "MyNamespace"
            },
            "type": null,
            "documentation": null
        },
        "MyNamespace\\A->suite()": {
            "extends": [],
            "isGlobal": false,
            "isStatic": false,
            "canBeInstantiated": false,
            "symbolInformation": {
                "name": "suite",
                "kind": 6,
                "location": {
                    "uri": "./constants4.php"
                },
                "containerName": "MyNamespace\\A"
            },
            "type__class": "phpDocumentor\\Reflection\\Types\\Mixed",
            "type": {},
            "documentation": null
        }
    }
}