{
    "references": {
        "MY_CONSTANT": [
            "./_cases/constantsInFunctionParamDefault.php"
        ]
    },
    "definitions": {
        "A": {
            "extends": [],
            "isGlobal": true,
            "isStatic": false,
            "canBeInstantiated": false,
            "symbolInformation": {
                "name": "A",
                "kind": 11,
                "location": {
                    "uri": "./_cases/constantsInFunctionParamDefault.php"
                },
                "containerName": ""
            },
            "type": null,
            "documentation": null
        },
        "A->b()": {
            "extends": [],
            "isGlobal": false,
            "isStatic": false,
            "canBeInstantiated": false,
            "symbolInformation": {
                "name": "b",
                "kind": 6,
                "location": {
                    "uri": "./_cases/constantsInFunctionParamDefault.php"
                },
                "containerName": "A"
            },
            "type__class": "phpDocumentor\\Reflection\\Types\\Mixed",
            "type": {},
            "documentation": null
        }
    }
}