{
    "references": {
        "MyNamespace\\ClassLoader": [
            "./_cases/memberAccess3.php"
        ],
        "Closure::bind()": [
            "./_cases/memberAccess3.php"
        ],
        "Closure": [
            "./_cases/memberAccess3.php"
        ],
        "MyNamespace\\ClassLoader->prefixesPsr0": [
            "./_cases/memberAccess3.php"
        ],
        "MyNamespace\\ComposerStaticInitIncludePath": [
            "./_cases/memberAccess3.php"
        ],
        "MyNamespace\\ComposerStaticInitIncludePath::$prefixesPsr0": [
            "./_cases/memberAccess3.php"
        ],
        "MyNamespace\\ClassLoader::class": [
            "./_cases/memberAccess3.php"
        ]
    },
    "definitions": {
        "MyNamespace": {
            "extends": [],
            "isGlobal": true,
            "isStatic": false,
            "canBeInstantiated": false,
            "symbolInformation": {
                "name": "MyNamespace",
                "kind": 3,
                "location": {
                    "uri": "./_cases/memberAccess3.php"
                },
                "containerName": ""
            },
            "type": null,
            "documentation": null
        },
        "MyNamespace\\A": {
            "extends": [],
            "isGlobal": true,
            "isStatic": false,
            "canBeInstantiated": true,
            "symbolInformation": {
                "name": "A",
                "kind": 5,
                "location": {
                    "uri": "./_cases/memberAccess3.php"
                },
                "containerName": "MyNamespace"
            },
            "type": null,
            "documentation": null
        },
        "MyNamespace\\A::getInitializer()": {
            "extends": [],
            "isGlobal": false,
            "isStatic": true,
            "canBeInstantiated": false,
            "symbolInformation": {
                "name": "getInitializer",
                "kind": 6,
                "location": {
                    "uri": "./_cases/memberAccess3.php"
                },
                "containerName": "MyNamespace\\A"
            },
            "type__class": "phpDocumentor\\Reflection\\Types\\Mixed",
            "type": {},
            "documentation": null
        }
    }
}