{
    "references": {
        "MyNamespace\\Request::create()": [
            "./_cases/memberAccess4.php"
        ],
        "MyNamespace\\Request": [
            "./_cases/memberAccess4.php"
        ],
        "MyNamespace\\Url->toString()": [
            "./_cases/memberAccess4.php"
        ],
        "MyNamespace\\Url": [
            "./_cases/memberAccess4.php"
        ]
    },
    "definitions": {
        "MyNamespace": {
            "extends": [],
            "isGlobal": true,
            "isStatic": false,
            "canBeInstantiated": false,
            "symbolInformation": {
                "name": "MyNamespace",
                "kind": 3,
                "location": {
                    "uri": "./_cases/memberAccess4.php"
                },
                "containerName": ""
            },
            "type": null,
            "documentation": null
        },
        "MyNamespace\\A": {
            "extends": [],
            "isGlobal": true,
            "isStatic": false,
            "canBeInstantiated": true,
            "symbolInformation": {
                "name": "A",
                "kind": 5,
                "location": {
                    "uri": "./_cases/memberAccess4.php"
                },
                "containerName": "MyNamespace"
            },
            "type": null,
            "documentation": null
        },
        "MyNamespace\\A->testRequest()": {
            "extends": [],
            "isGlobal": false,
            "isStatic": false,
            "canBeInstantiated": false,
            "symbolInformation": {
                "name": "testRequest",
                "kind": 6,
                "location": {
                    "uri": "./_cases/memberAccess4.php"
                },
                "containerName": "MyNamespace\\A"
            },
            "type__class": "phpDocumentor\\Reflection\\Types\\Mixed",
            "type": {},
            "documentation": null
        }
    }
}