{
    "references": [],
    "definitions": {
        "MyNamespace": {
            "extends": [],
            "isGlobal": true,
            "isStatic": false,
            "canBeInstantiated": false,
            "symbolInformation": {
                "name": "MyNamespace",
                "kind": 3,
                "location": {
                    "uri": "./_cases/memberAccess5.php"
                },
                "containerName": ""
            },
            "type": null,
            "documentation": null
        },
        "MyNamespace\\ParseErrorsTest": {
            "extends": [],
            "isGlobal": true,
            "isStatic": false,
            "canBeInstantiated": true,
            "symbolInformation": {
                "name": "ParseErrorsTest",
                "kind": 5,
                "location": {
                    "uri": "./_cases/memberAccess5.php"
                },
                "containerName": "MyNamespace"
            },
            "type": null,
            "documentation": null
        },
        "MyNamespace\\ParseErrorsTest->setUp()": {
            "extends": [],
            "isGlobal": false,
            "isStatic": false,
            "canBeInstantiated": false,
            "symbolInformation": {
                "name": "setUp",
                "kind": 6,
                "location": {
                    "uri": "./_cases/memberAccess5.php"
                },
                "containerName": "MyNamespace\\ParseErrorsTest"
            },
            "type__class": "phpDocumentor\\Reflection\\Types\\Mixed",
            "type": {},
            "documentation": null
        }
    }
}