{
    "references": [],
    "definitions": {
        "Foo": {
            "extends": [],
            "isGlobal": true,
            "isStatic": false,
            "canBeInstantiated": true,
            "symbolInformation": {
                "name": "Foo",
                "kind": 5,
                "location": {
                    "uri": "./_cases/multiplePreceedingComments.php"
                },
                "containerName": ""
            },
            "type": null,
            "documentation": null
        },
        "Foo->fn()": {
            "extends": [],
            "isGlobal": false,
            "isStatic": false,
            "canBeInstantiated": false,
            "symbolInformation": {
                "name": "fn",
                "kind": 6,
                "location": {
                    "uri": "./_cases/multiplePreceedingComments.php"
                },
                "containerName": "Foo"
            },
            "type__class": "phpDocumentor\\Reflection\\Types\\Object_",
            "type": {},
            "documentation": "Foo"
        }
    }
}