{
    "references": {
        "LanguageServer": [
            "./_cases/namespaces8.php"
        ]
    },
    "definitions": {
        "LanguageServer\\Tests\\Utils": {
            "extends": [],
            "isGlobal": true,
            "isStatic": false,
            "canBeInstantiated": false,
            "symbolInformation": {
                "name": "LanguageServer\\Tests\\Utils",
                "kind": 3,
                "location": {
                    "uri": "./_cases/namespaces8.php"
                },
                "containerName": "LanguageServer\\Tests"
            },
            "type": null,
            "documentation": null
        }
    }
}