{
    "references": {
        "MyNamespace\\Hi": [
            "./param1.php"
        ]
    },
    "definitions": {
        "MyNamespace": {
            "extends": [],
            "isGlobal": true,
            "isStatic": false,
            "canBeInstantiated": false,
            "symbolInformation": {
                "name": "MyNamespace",
                "kind": 3,
                "location": {
                    "uri": "./param1.php"
                },
                "containerName": ""
            },
            "type": null,
            "documentation": null
        },
        "MyNamespace\\init()": {
            "extends": [],
            "isGlobal": true,
            "isStatic": false,
            "canBeInstantiated": false,
            "symbolInformation": {
                "name": "init",
                "kind": 12,
                "location": {
                    "uri": "./param1.php"
                },
                "containerName": "MyNamespace"
            },
            "type__class": "phpDocumentor\\Reflection\\Types\\Mixed",
            "type": {},
            "documentation": null
        }
    }
}