{
    "references": {
        "A": [
            "\/Users\/roblou\/code\/php-language-server\/tests\/Validation\/..\/..\/validation\/frameworks\/_cases\/scopedPropertyAccess4.php"
        ]
    },
    "definitions": []
}