{
    "references": {
        "TestInterface": [
            "./_cases/scopedPropertyAccess5.php"
        ],
        "TestClass": [
            "./_cases/scopedPropertyAccess5.php"
        ],
        "TestClass::$testProperty": [
            "./_cases/scopedPropertyAccess5.php"
        ],
        "TestClass::$staticTestProperty": [
            "./_cases/scopedPropertyAccess5.php"
        ]
    },
    "definitions": {
        "TestClass": {
            "extends": [],
            "isGlobal": true,
            "isStatic": false,
            "canBeInstantiated": true,
            "symbolInformation": {
                "name": "TestClass",
                "kind": 5,
                "location": {
                    "uri": "./_cases/scopedPropertyAccess5.php"
                },
                "containerName": ""
            },
            "type": null,
            "documentation": null
        },
        "TestClass::$testProperty": {
            "extends": [],
            "isGlobal": false,
            "isStatic": true,
            "canBeInstantiated": false,
            "symbolInformation": {
                "name": "testProperty",
                "kind": 7,
                "location": {
                    "uri": "./_cases/scopedPropertyAccess5.php"
                },
                "containerName": "TestClass"
            },
            "type__class": "phpDocumentor\\Reflection\\Types\\Array_",
            "type": {},
            "documentation": "Lorem excepteur officia sit anim velit veniam enim."
        }
    }
}