{
    "references": [],
    "definitions": {
        "MyNamespace": {
            "extends": [],
            "isGlobal": true,
            "isStatic": false,
            "canBeInstantiated": false,
            "symbolInformation": {
                "name": "MyNamespace",
                "kind": 3,
                "location": {
                    "uri": "\/Users\/roblou\/code\/php-language-server\/tests\/Validation\/..\/..\/validation\/frameworks\/broken\/docBlocksOnNamespaceDefinition.php"
                },
                "containerName": ""
            },
            "type__class": "LanguageServer\\Tests\\ValidationTest",
            "type": null,
            "documentation": null
        }
    }
}