{
    "references": {
        "a\\b": [
            "\/Users\/roblou\/code\/php-language-server\/tests\/Validation\/..\/..\/validation\/frameworks\/broken\/namespaces4.php"
        ],
        "a": [
            "\/Users\/roblou\/code\/php-language-server\/tests\/Validation\/..\/..\/validation\/frameworks\/broken\/namespaces4.php"
        ]
    },
    "definitions": []
}